
> frontend@0.0.0 build
> vite build

[36mvite v7.3.1 [32mbuilding client environment for production...[36m[39m
transforming...
[32mΓ£ô[39m 1335 modules transformed.
node.exe : [31mΓ£ù[39m Build 
failed in 4.57s
At line:1 char:1
+ & "C:\Program 
Files\nodejs/node.exe" "C:\Program 
Files\nodejs/node_mo ...
+ ~~~~~~~~~~~~~~~~~~~~~~~~~~~~~~~~~~~
~~~~~~~~~~~~~~~~~~~~~~~~~~~~~~~~~~
    + CategoryInfo          : NotSpe 
   cified: ([31mΓ£ù[39m Build fai  
  led in 4.57s:String) [], RemoteE   
 xception
    + FullyQualifiedErrorId : Native 
   CommandError
 
[31merror during build:
[31m[vite:load-fallback] Could not 
load C:\DGN desktop\Desktop\Real_time
_bus_tracker\frontend\node_modules\re
act-map-gl\dist\maplibre.js/maplibre 
(imported by 
src/components/BusMap.jsx): ENOENT: 
no such file or directory, open 
'C:\DGN desktop\Desktop\Real_time_bus
_tracker\frontend\node_modules\react-
map-gl\dist\maplibre.js\maplibre'[31
m
    at async open 
(node:internal/fs/promises:641:25)
    at async Object.readFile 
(node:internal/fs/promises:1245:14)
    at async Object.handler (file:///
C:/DGN%20desktop/Desktop/Real_time_bu
s_tracker/frontend/node_modules/vite/
dist/node/chunks/config.js:33169:21)
    at async 
PluginDriver.hookFirstAndGetPlugin (f
ile:///C:/DGN%20desktop/Desktop/Real_
time_bus_tracker/frontend/node_module
s/rollup/dist/es/shared/node-entry.js
:22430:28)
    at async file:///C:/DGN%20desktop
/Desktop/Real_time_bus_tracker/fronte
nd/node_modules/rollup/dist/es/shared
/node-entry.js:21422:33
    at async Queue.work (file:///C:/D
GN%20desktop/Desktop/Real_time_bus_tr
acker/frontend/node_modules/rollup/di
st/es/shared/node-entry.js:22658:32)
[39m
